This is pdfTeX, Version 3.141592653-2.6-1.40.25 (MiKTeX 24.1) (preloaded format=pdflatex 2025.6.14)  25 JAN 2026 00:47
entering extended mode
 restricted \write18 enabled.
 %&-line parsing enabled.
**./beamer.tex
(beamer.tex
LaTeX2e <2023-11-01> patch level 1
L3 programming layer <2024-01-04>

(C:\Users\84845.DESKTOP-6UDUU1B\AppData\Local\Programs\MiKTeX\tex/latex/beamer\
beamer.cls
Document Class: beamer 2025/08/13 v3.76 A class for typesetting presentations

(C:\Users\84845.DESKTOP-6UDUU1B\AppData\Local\Programs\MiKTeX\tex/latex/beamer\
beamerbasemodes.sty
(C:\Users\84845.DESKTOP-6UDUU1B\AppData\Local\Programs\MiKTeX\tex/latex/etoolbo
x\etoolbox.sty
Package: etoolbox 2020/10/05 v2.5k e-TeX tools for LaTeX (JAW)
\etb@tempcnta=\count187
)
\beamer@tempbox=\box51
\beamer@tempcount=\count188
\c@beamerpauses=\count189

(C:\Users\84845.DESKTOP-6UDUU1B\AppData\Local\Programs\MiKTeX\tex/latex/beamer\
beamerbasedecode.sty
\beamer@slideinframe=\count190
\beamer@minimum=\count191
\beamer@decode@box=\box52
)
\beamer@commentbox=\box53
\beamer@modecount=\count192
)
(C:\Users\84845.DESKTOP-6UDUU1B\AppData\Local\Programs\MiKTeX\tex/generic/iftex
\iftex.sty
Package: iftex 2022/02/03 v1.0f TeX engine tests
)
\headdp=\dimen140
\footheight=\dimen141
\sidebarheight=\dimen142
\beamer@tempdim=\dimen143
\beamer@finalheight=\dimen144
\beamer@animht=\dimen145
\beamer@animdp=\dimen146
\beamer@animwd=\dimen147
\beamer@leftmargin=\dimen148
\beamer@rightmargin=\dimen149
\beamer@leftsidebar=\dimen150
\beamer@rightsidebar=\dimen151
\beamer@boxsize=\dimen152
\beamer@vboxoffset=\dimen153
\beamer@descdefault=\dimen154
\beamer@descriptionwidth=\dimen155
\beamer@lastskip=\skip48
\beamer@areabox=\box54
\beamer@animcurrent=\box55
\beamer@animshowbox=\box56
\beamer@sectionbox=\box57
\beamer@logobox=\box58
\beamer@linebox=\box59
\beamer@sectioncount=\count193
\beamer@subsubsectionmax=\count194
\beamer@subsectionmax=\count195
\beamer@sectionmax=\count196
\beamer@totalheads=\count197
\beamer@headcounter=\count198
\beamer@partstartpage=\count199
\beamer@sectionstartpage=\count266
\beamer@subsectionstartpage=\count267
\beamer@animationtempa=\count268
\beamer@animationtempb=\count269
\beamer@xpos=\count270
\beamer@ypos=\count271
\beamer@ypos@offset=\count272
\beamer@showpartnumber=\count273
\beamer@currentsubsection=\count274
\beamer@coveringdepth=\count275
\beamer@sectionadjust=\count276
\beamer@toclastsection=\count277
\beamer@tocsectionnumber=\count278

(C:\Users\84845.DESKTOP-6UDUU1B\AppData\Local\Programs\MiKTeX\tex/latex/beamer\
beamerbaseoptions.sty
(C:\Users\84845.DESKTOP-6UDUU1B\AppData\Local\Programs\MiKTeX\tex/latex/graphic
s\keyval.sty
Package: keyval 2022/05/29 v1.15 key=value parser (DPC)
\KV@toks@=\toks17
))
\beamer@paperwidth=\skip49
\beamer@paperheight=\skip50

(C:\Users\84845.DESKTOP-6UDUU1B\AppData\Local\Programs\MiKTeX\tex/latex/geometr
y\geometry.sty
Package: geometry 2020/01/02 v5.9 Page Geometry

(C:\Users\84845.DESKTOP-6UDUU1B\AppData\Local\Programs\MiKTeX\tex/generic/iftex
\ifvtex.sty
Package: ifvtex 2019/10/25 v1.7 ifvtex legacy package. Use iftex instead.
)
\Gm@cnth=\count279
\Gm@cntv=\count280
\c@Gm@tempcnt=\count281
\Gm@bindingoffset=\dimen156
\Gm@wd@mp=\dimen157
\Gm@odd@mp=\dimen158
\Gm@even@mp=\dimen159
\Gm@layoutwidth=\dimen160
\Gm@layoutheight=\dimen161
\Gm@layouthoffset=\dimen162
\Gm@layoutvoffset=\dimen163
\Gm@dimlist=\toks18

(C:\Users\84845.DESKTOP-6UDUU1B\AppData\Local\Programs\MiKTeX\tex/latex/geometr
y\geometry.cfg))
(C:\Users\84845.DESKTOP-6UDUU1B\AppData\Local\Programs\MiKTeX\tex/latex/pgf/mat
h\pgfmath.sty
(C:\Users\84845.DESKTOP-6UDUU1B\AppData\Local\Programs\MiKTeX\tex/latex/pgf/uti
lities\pgfrcs.sty
(C:\Users\84845.DESKTOP-6UDUU1B\AppData\Local\Programs\MiKTeX\tex/generic/pgf/u
tilities\pgfutil-common.tex
\pgfutil@everybye=\toks19
\pgfutil@tempdima=\dimen164
\pgfutil@tempdimb=\dimen165
)
(C:\Users\84845.DESKTOP-6UDUU1B\AppData\Local\Programs\MiKTeX\tex/generic/pgf/u
tilities\pgfutil-latex.def
\pgfutil@abb=\box60
)
(C:\Users\84845.DESKTOP-6UDUU1B\AppData\Local\Programs\MiKTeX\tex/generic/pgf/u
tilities\pgfrcs.code.tex
(C:\Users\84845.DESKTOP-6UDUU1B\AppData\Local\Programs\MiKTeX\tex/generic/pgf\p
gf.revision.tex)
Package: pgfrcs 2023-01-15 v3.1.10 (3.1.10)
))
(C:\Users\84845.DESKTOP-6UDUU1B\AppData\Local\Programs\MiKTeX\tex/latex/pgf/uti
lities\pgfkeys.sty
(C:\Users\84845.DESKTOP-6UDUU1B\AppData\Local\Programs\MiKTeX\tex/generic/pgf/u
tilities\pgfkeys.code.tex
\pgfkeys@pathtoks=\toks20
\pgfkeys@temptoks=\toks21

(C:\Users\84845.DESKTOP-6UDUU1B\AppData\Local\Programs\MiKTeX\tex/generic/pgf/u
tilities\pgfkeyslibraryfiltered.code.tex
\pgfkeys@tmptoks=\toks22
)))
(C:\Users\84845.DESKTOP-6UDUU1B\AppData\Local\Programs\MiKTeX\tex/generic/pgf/m
ath\pgfmath.code.tex
(C:\Users\84845.DESKTOP-6UDUU1B\AppData\Local\Programs\MiKTeX\tex/generic/pgf/m
ath\pgfmathutil.code.tex
\pgf@x=\dimen166
\pgf@xa=\dimen167
\pgf@xb=\dimen168
\pgf@xc=\dimen169
\pgf@y=\dimen170
\pgf@ya=\dimen171
\pgf@yb=\dimen172
\pgf@yc=\dimen173
\c@pgf@counta=\count282
\c@pgf@countb=\count283
\c@pgf@countc=\count284
\c@pgf@countd=\count285
)
(C:\Users\84845.DESKTOP-6UDUU1B\AppData\Local\Programs\MiKTeX\tex/generic/pgf/m
ath\pgfmathparser.code.tex
\pgfmath@dimen=\dimen174
\pgfmath@count=\count286
\pgfmath@box=\box61
\pgfmath@toks=\toks23
\pgfmath@stack@operand=\toks24
\pgfmath@stack@operation=\toks25
)
(C:\Users\84845.DESKTOP-6UDUU1B\AppData\Local\Programs\MiKTeX\tex/generic/pgf/m
ath\pgfmathfunctions.code.tex)
(C:\Users\84845.DESKTOP-6UDUU1B\AppData\Local\Programs\MiKTeX\tex/generic/pgf/m
ath\pgfmathfunctions.basic.code.tex)
(C:\Users\84845.DESKTOP-6UDUU1B\AppData\Local\Programs\MiKTeX\tex/generic/pgf/m
ath\pgfmathfunctions.trigonometric.code.tex)
(C:\Users\84845.DESKTOP-6UDUU1B\AppData\Local\Programs\MiKTeX\tex/generic/pgf/m
ath\pgfmathfunctions.random.code.tex)
(C:\Users\84845.DESKTOP-6UDUU1B\AppData\Local\Programs\MiKTeX\tex/generic/pgf/m
ath\pgfmathfunctions.comparison.code.tex)
(C:\Users\84845.DESKTOP-6UDUU1B\AppData\Local\Programs\MiKTeX\tex/generic/pgf/m
ath\pgfmathfunctions.base.code.tex)
(C:\Users\84845.DESKTOP-6UDUU1B\AppData\Local\Programs\MiKTeX\tex/generic/pgf/m
ath\pgfmathfunctions.round.code.tex)
(C:\Users\84845.DESKTOP-6UDUU1B\AppData\Local\Programs\MiKTeX\tex/generic/pgf/m
ath\pgfmathfunctions.misc.code.tex)
(C:\Users\84845.DESKTOP-6UDUU1B\AppData\Local\Programs\MiKTeX\tex/generic/pgf/m
ath\pgfmathfunctions.integerarithmetics.code.tex)
(C:\Users\84845.DESKTOP-6UDUU1B\AppData\Local\Programs\MiKTeX\tex/generic/pgf/m
ath\pgfmathcalc.code.tex)
(C:\Users\84845.DESKTOP-6UDUU1B\AppData\Local\Programs\MiKTeX\tex/generic/pgf/m
ath\pgfmathfloat.code.tex
\c@pgfmathroundto@lastzeros=\count287
)))
(C:\Users\84845.DESKTOP-6UDUU1B\AppData\Local\Programs\MiKTeX\tex/latex/base\si
ze10.clo
File: size10.clo 2023/05/17 v1.4n Standard LaTeX file (size option)
)
(C:\Users\84845.DESKTOP-6UDUU1B\AppData\Local\Programs\MiKTeX\tex/latex/pgf/bas
iclayer\pgfcore.sty
(C:\Users\84845.DESKTOP-6UDUU1B\AppData\Local\Programs\MiKTeX\tex/latex/graphic
s\graphicx.sty
Package: graphicx 2021/09/16 v1.2d Enhanced LaTeX Graphics (DPC,SPQR)

(C:\Users\84845.DESKTOP-6UDUU1B\AppData\Local\Programs\MiKTeX\tex/latex/graphic
s\graphics.sty
Package: graphics 2022/03/10 v1.4e Standard LaTeX Graphics (DPC,SPQR)

(C:\Users\84845.DESKTOP-6UDUU1B\AppData\Local\Programs\MiKTeX\tex/latex/graphic
s\trig.sty
Package: trig 2021/08/11 v1.11 sin cos tan (DPC)
)
(C:\Users\84845.DESKTOP-6UDUU1B\AppData\Local\Programs\MiKTeX\tex/latex/graphic
s-cfg\graphics.cfg
File: graphics.cfg 2016/06/04 v1.11 sample graphics configuration
)
Package graphics Info: Driver file: pdftex.def on input line 107.

(C:\Users\84845.DESKTOP-6UDUU1B\AppData\Local\Programs\MiKTeX\tex/latex/graphic
s-def\pdftex.def
File: pdftex.def 2022/09/22 v1.2b Graphics/color driver for pdftex
))
\Gin@req@height=\dimen175
\Gin@req@width=\dimen176
)
(C:\Users\84845.DESKTOP-6UDUU1B\AppData\Local\Programs\MiKTeX\tex/latex/pgf/sys
temlayer\pgfsys.sty
(C:\Users\84845.DESKTOP-6UDUU1B\AppData\Local\Programs\MiKTeX\tex/generic/pgf/s
ystemlayer\pgfsys.code.tex
Package: pgfsys 2023-01-15 v3.1.10 (3.1.10)
\pgf@x=\dimen177
\pgf@y=\dimen178
\pgf@xa=\dimen179
\pgf@ya=\dimen180
\pgf@xb=\dimen181
\pgf@yb=\dimen182
\pgf@xc=\dimen183
\pgf@yc=\dimen184
\pgf@xd=\dimen185
\pgf@yd=\dimen186
\w@pgf@writea=\write3
\r@pgf@reada=\read2
\c@pgf@counta=\count288
\c@pgf@countb=\count289
\c@pgf@countc=\count290
\c@pgf@countd=\count291
\t@pgf@toka=\toks26
\t@pgf@tokb=\toks27
\t@pgf@tokc=\toks28
\pgf@sys@id@count=\count292

(C:\Users\84845.DESKTOP-6UDUU1B\AppData\Local\Programs\MiKTeX\tex/generic/pgf/s
ystemlayer\pgf.cfg
File: pgf.cfg 2023-01-15 v3.1.10 (3.1.10)
)
Driver file for pgf: pgfsys-pdftex.def

(C:\Users\84845.DESKTOP-6UDUU1B\AppData\Local\Programs\MiKTeX\tex/generic/pgf/s
ystemlayer\pgfsys-pdftex.def
File: pgfsys-pdftex.def 2023-01-15 v3.1.10 (3.1.10)

(C:\Users\84845.DESKTOP-6UDUU1B\AppData\Local\Programs\MiKTeX\tex/generic/pgf/s
ystemlayer\pgfsys-common-pdf.def
File: pgfsys-common-pdf.def 2023-01-15 v3.1.10 (3.1.10)
)))
(C:\Users\84845.DESKTOP-6UDUU1B\AppData\Local\Programs\MiKTeX\tex/generic/pgf/s
ystemlayer\pgfsyssoftpath.code.tex
File: pgfsyssoftpath.code.tex 2023-01-15 v3.1.10 (3.1.10)
\pgfsyssoftpath@smallbuffer@items=\count293
\pgfsyssoftpath@bigbuffer@items=\count294
)
(C:\Users\84845.DESKTOP-6UDUU1B\AppData\Local\Programs\MiKTeX\tex/generic/pgf/s
ystemlayer\pgfsysprotocol.code.tex
File: pgfsysprotocol.code.tex 2023-01-15 v3.1.10 (3.1.10)
))
(C:\Users\84845.DESKTOP-6UDUU1B\AppData\Local\Programs\MiKTeX\tex/latex/xcolor\
xcolor.sty
Package: xcolor 2023/11/15 v3.01 LaTeX color extensions (UK)

(C:\Users\84845.DESKTOP-6UDUU1B\AppData\Local\Programs\MiKTeX\tex/latex/graphic
s-cfg\color.cfg
File: color.cfg 2016/01/02 v1.6 sample color configuration
)
Package xcolor Info: Driver file: pdftex.def on input line 274.

(C:\Users\84845.DESKTOP-6UDUU1B\AppData\Local\Programs\MiKTeX\tex/latex/graphic
s\mathcolor.ltx)
Package xcolor Info: Model `cmy' substituted by `cmy0' on input line 1350.
Package xcolor Info: Model `hsb' substituted by `rgb' on input line 1354.
Package xcolor Info: Model `RGB' extended on input line 1366.
Package xcolor Info: Model `HTML' substituted by `rgb' on input line 1368.
Package xcolor Info: Model `Hsb' substituted by `hsb' on input line 1369.
Package xcolor Info: Model `tHsb' substituted by `hsb' on input line 1370.
Package xcolor Info: Model `HSB' substituted by `hsb' on input line 1371.
Package xcolor Info: Model `Gray' substituted by `gray' on input line 1372.
Package xcolor Info: Model `wave' substituted by `hsb' on input line 1373.
)
(C:\Users\84845.DESKTOP-6UDUU1B\AppData\Local\Programs\MiKTeX\tex/generic/pgf/b
asiclayer\pgfcore.code.tex
Package: pgfcore 2023-01-15 v3.1.10 (3.1.10)

(C:\Users\84845.DESKTOP-6UDUU1B\AppData\Local\Programs\MiKTeX\tex/generic/pgf/m
ath\pgfint.code.tex)
(C:\Users\84845.DESKTOP-6UDUU1B\AppData\Local\Programs\MiKTeX\tex/generic/pgf/b
asiclayer\pgfcorepoints.code.tex
File: pgfcorepoints.code.tex 2023-01-15 v3.1.10 (3.1.10)
\pgf@picminx=\dimen187
\pgf@picmaxx=\dimen188
\pgf@picminy=\dimen189
\pgf@picmaxy=\dimen190
\pgf@pathminx=\dimen191
\pgf@pathmaxx=\dimen192
\pgf@pathminy=\dimen193
\pgf@pathmaxy=\dimen194
\pgf@xx=\dimen195
\pgf@xy=\dimen196
\pgf@yx=\dimen197
\pgf@yy=\dimen198
\pgf@zx=\dimen199
\pgf@zy=\dimen256
)
(C:\Users\84845.DESKTOP-6UDUU1B\AppData\Local\Programs\MiKTeX\tex/generic/pgf/b
asiclayer\pgfcorepathconstruct.code.tex
File: pgfcorepathconstruct.code.tex 2023-01-15 v3.1.10 (3.1.10)
\pgf@path@lastx=\dimen257
\pgf@path@lasty=\dimen258
)
(C:\Users\84845.DESKTOP-6UDUU1B\AppData\Local\Programs\MiKTeX\tex/generic/pgf/b
asiclayer\pgfcorepathusage.code.tex
File: pgfcorepathusage.code.tex 2023-01-15 v3.1.10 (3.1.10)
\pgf@shorten@end@additional=\dimen259
\pgf@shorten@start@additional=\dimen260
)
(C:\Users\84845.DESKTOP-6UDUU1B\AppData\Local\Programs\MiKTeX\tex/generic/pgf/b
asiclayer\pgfcorescopes.code.tex
File: pgfcorescopes.code.tex 2023-01-15 v3.1.10 (3.1.10)
\pgfpic=\box62
\pgf@hbox=\box63
\pgf@layerbox@main=\box64
\pgf@picture@serial@count=\count295
)
(C:\Users\84845.DESKTOP-6UDUU1B\AppData\Local\Programs\MiKTeX\tex/generic/pgf/b
asiclayer\pgfcoregraphicstate.code.tex
File: pgfcoregraphicstate.code.tex 2023-01-15 v3.1.10 (3.1.10)
\pgflinewidth=\dimen261
)
(C:\Users\84845.DESKTOP-6UDUU1B\AppData\Local\Programs\MiKTeX\tex/generic/pgf/b
asiclayer\pgfcoretransformations.code.tex
File: pgfcoretransformations.code.tex 2023-01-15 v3.1.10 (3.1.10)
\pgf@pt@x=\dimen262
\pgf@pt@y=\dimen263
\pgf@pt@temp=\dimen264
)
(C:\Users\84845.DESKTOP-6UDUU1B\AppData\Local\Programs\MiKTeX\tex/generic/pgf/b
asiclayer\pgfcorequick.code.tex
File: pgfcorequick.code.tex 2023-01-15 v3.1.10 (3.1.10)
)
(C:\Users\84845.DESKTOP-6UDUU1B\AppData\Local\Programs\MiKTeX\tex/generic/pgf/b
asiclayer\pgfcoreobjects.code.tex
File: pgfcoreobjects.code.tex 2023-01-15 v3.1.10 (3.1.10)
)
(C:\Users\84845.DESKTOP-6UDUU1B\AppData\Local\Programs\MiKTeX\tex/generic/pgf/b
asiclayer\pgfcorepathprocessing.code.tex
File: pgfcorepathprocessing.code.tex 2023-01-15 v3.1.10 (3.1.10)
)
(C:\Users\84845.DESKTOP-6UDUU1B\AppData\Local\Programs\MiKTeX\tex/generic/pgf/b
asiclayer\pgfcorearrows.code.tex
File: pgfcorearrows.code.tex 2023-01-15 v3.1.10 (3.1.10)
\pgfarrowsep=\dimen265
)
(C:\Users\84845.DESKTOP-6UDUU1B\AppData\Local\Programs\MiKTeX\tex/generic/pgf/b
asiclayer\pgfcoreshade.code.tex
File: pgfcoreshade.code.tex 2023-01-15 v3.1.10 (3.1.10)
\pgf@max=\dimen266
\pgf@sys@shading@range@num=\count296
\pgf@shadingcount=\count297
)
(C:\Users\84845.DESKTOP-6UDUU1B\AppData\Local\Programs\MiKTeX\tex/generic/pgf/b
asiclayer\pgfcoreimage.code.tex
File: pgfcoreimage.code.tex 2023-01-15 v3.1.10 (3.1.10)
)
(C:\Users\84845.DESKTOP-6UDUU1B\AppData\Local\Programs\MiKTeX\tex/generic/pgf/b
asiclayer\pgfcoreexternal.code.tex
File: pgfcoreexternal.code.tex 2023-01-15 v3.1.10 (3.1.10)
\pgfexternal@startupbox=\box65
)
(C:\Users\84845.DESKTOP-6UDUU1B\AppData\Local\Programs\MiKTeX\tex/generic/pgf/b
asiclayer\pgfcorelayers.code.tex
File: pgfcorelayers.code.tex 2023-01-15 v3.1.10 (3.1.10)
)
(C:\Users\84845.DESKTOP-6UDUU1B\AppData\Local\Programs\MiKTeX\tex/generic/pgf/b
asiclayer\pgfcoretransparency.code.tex
File: pgfcoretransparency.code.tex 2023-01-15 v3.1.10 (3.1.10)
)
(C:\Users\84845.DESKTOP-6UDUU1B\AppData\Local\Programs\MiKTeX\tex/generic/pgf/b
asiclayer\pgfcorepatterns.code.tex
File: pgfcorepatterns.code.tex 2023-01-15 v3.1.10 (3.1.10)
)
(C:\Users\84845.DESKTOP-6UDUU1B\AppData\Local\Programs\MiKTeX\tex/generic/pgf/b
asiclayer\pgfcorerdf.code.tex
File: pgfcorerdf.code.tex 2023-01-15 v3.1.10 (3.1.10)
)))
(C:\Users\84845.DESKTOP-6UDUU1B\AppData\Local\Programs\MiKTeX\tex/latex/pgf/uti
lities\xxcolor.sty
Package: xxcolor 2003/10/24 ver 0.1
\XC@nummixins=\count298
\XC@countmixins=\count299
)
(C:\Users\84845.DESKTOP-6UDUU1B\AppData\Local\Programs\MiKTeX\tex/latex/base\at
begshi-ltx.sty
Package: atbegshi-ltx 2021/01/10 v1.0c Emulation of the original atbegshi
package with kernel methods
)
(C:\Users\84845.DESKTOP-6UDUU1B\AppData\Local\Programs\MiKTeX\tex/latex/hyperre
f\hyperref.sty
Package: hyperref 2023-11-26 v7.01g Hypertext links for LaTeX

(C:\Users\84845.DESKTOP-6UDUU1B\AppData\Local\Programs\MiKTeX\tex/generic/infwa
rerr\infwarerr.sty
Package: infwarerr 2019/12/03 v1.5 Providing info/warning/error messages (HO)
)
(C:\Users\84845.DESKTOP-6UDUU1B\AppData\Local\Programs\MiKTeX\tex/latex/kvsetke
ys\kvsetkeys.sty
Package: kvsetkeys 2022-10-05 v1.19 Key value parser (HO)
)
(C:\Users\84845.DESKTOP-6UDUU1B\AppData\Local\Programs\MiKTeX\tex/generic/kvdef
inekeys\kvdefinekeys.sty
Package: kvdefinekeys 2019-12-19 v1.6 Define keys (HO)
)
(C:\Users\84845.DESKTOP-6UDUU1B\AppData\Local\Programs\MiKTeX\tex/generic/pdfes
cape\pdfescape.sty
Package: pdfescape 2019/12/09 v1.15 Implements pdfTeX's escape features (HO)

(C:\Users\84845.DESKTOP-6UDUU1B\AppData\Local\Programs\MiKTeX\tex/generic/ltxcm
ds\ltxcmds.sty
Package: ltxcmds 2023-12-04 v1.26 LaTeX kernel commands for general use (HO)
)
(C:\Users\84845.DESKTOP-6UDUU1B\AppData\Local\Programs\MiKTeX\tex/generic/pdfte
xcmds\pdftexcmds.sty
Package: pdftexcmds 2020-06-27 v0.33 Utility functions of pdfTeX for LuaTeX (HO
)
Package pdftexcmds Info: \pdf@primitive is available.
Package pdftexcmds Info: \pdf@ifprimitive is available.
Package pdftexcmds Info: \pdfdraftmode found.
))
(C:\Users\84845.DESKTOP-6UDUU1B\AppData\Local\Programs\MiKTeX\tex/latex/hycolor
\hycolor.sty
Package: hycolor 2020-01-27 v1.10 Color options for hyperref/bookmark (HO)
)
(C:\Users\84845.DESKTOP-6UDUU1B\AppData\Local\Programs\MiKTeX\tex/latex/letltxm
acro\letltxmacro.sty
Package: letltxmacro 2019/12/03 v1.6 Let assignment for LaTeX macros (HO)
)
(C:\Users\84845.DESKTOP-6UDUU1B\AppData\Local\Programs\MiKTeX\tex/latex/auxhook
\auxhook.sty
Package: auxhook 2019-12-17 v1.6 Hooks for auxiliary files (HO)
)
(C:\Users\84845.DESKTOP-6UDUU1B\AppData\Local\Programs\MiKTeX\tex/latex/hyperre
f\nameref.sty
Package: nameref 2023-11-26 v2.56 Cross-referencing by name of section

(C:\Users\84845.DESKTOP-6UDUU1B\AppData\Local\Programs\MiKTeX\tex/latex/refcoun
t\refcount.sty
Package: refcount 2019/12/15 v3.6 Data extraction from label references (HO)
)
(C:\Users\84845.DESKTOP-6UDUU1B\AppData\Local\Programs\MiKTeX\tex/generic/getti
tlestring\gettitlestring.sty
Package: gettitlestring 2019/12/15 v1.6 Cleanup title references (HO)

(C:\Users\84845.DESKTOP-6UDUU1B\AppData\Local\Programs\MiKTeX\tex/latex/kvoptio
ns\kvoptions.sty
Package: kvoptions 2022-06-15 v3.15 Key value format for package options (HO)
))
\c@section@level=\count300
)
\@linkdim=\dimen267
\Hy@linkcounter=\count301
\Hy@pagecounter=\count302

(C:\Users\84845.DESKTOP-6UDUU1B\AppData\Local\Programs\MiKTeX\tex/latex/hyperre
f\pd1enc.def
File: pd1enc.def 2023-11-26 v7.01g Hyperref: PDFDocEncoding definition (HO)
Now handling font encoding PD1 ...
... no UTF-8 mapping file for font encoding PD1
)
(C:\Users\84845.DESKTOP-6UDUU1B\AppData\Local\Programs\MiKTeX\tex/generic/intca
lc\intcalc.sty
Package: intcalc 2019/12/15 v1.3 Expandable calculations with integers (HO)
)
\Hy@SavedSpaceFactor=\count303

(C:\Users\84845.DESKTOP-6UDUU1B\AppData\Local\Programs\MiKTeX\tex/latex/hyperre
f\puenc.def
File: puenc.def 2023-11-26 v7.01g Hyperref: PDF Unicode definition (HO)
Now handling font encoding PU ...
... no UTF-8 mapping file for font encoding PU
)
Package hyperref Info: Option `bookmarks' set `true' on input line 4064.
Package hyperref Info: Option `bookmarksopen' set `true' on input line 4064.
Package hyperref Info: Option `implicit' set `false' on input line 4064.
Package hyperref Info: Hyper figures OFF on input line 4181.
Package hyperref Info: Link nesting OFF on input line 4186.
Package hyperref Info: Hyper index ON on input line 4189.
Package hyperref Info: Plain pages OFF on input line 4196.
Package hyperref Info: Backreferencing OFF on input line 4201.
Package hyperref Info: Implicit mode OFF; no redefinition of LaTeX internals.
Package hyperref Info: Bookmarks ON on input line 4448.
\c@Hy@tempcnt=\count304

(C:\Users\84845.DESKTOP-6UDUU1B\AppData\Local\Programs\MiKTeX\tex/latex/url\url
.sty
\Urlmuskip=\muskip16
Package: url 2013/09/16  ver 3.4  Verb mode for urls, etc.
)
LaTeX Info: Redefining \url on input line 4786.
\XeTeXLinkMargin=\dimen268

(C:\Users\84845.DESKTOP-6UDUU1B\AppData\Local\Programs\MiKTeX\tex/generic/bitse
t\bitset.sty
Package: bitset 2019/12/09 v1.3 Handle bit-vector datatype (HO)

(C:\Users\84845.DESKTOP-6UDUU1B\AppData\Local\Programs\MiKTeX\tex/generic/bigin
tcalc\bigintcalc.sty
Package: bigintcalc 2019/12/15 v1.5 Expandable calculations on big integers (HO
)
))
\Fld@menulength=\count305
\Field@Width=\dimen269
\Fld@charsize=\dimen270
Package hyperref Info: Hyper figures OFF on input line 6065.
Package hyperref Info: Link nesting OFF on input line 6070.
Package hyperref Info: Hyper index ON on input line 6073.
Package hyperref Info: backreferencing OFF on input line 6080.
Package hyperref Info: Link coloring OFF on input line 6085.
Package hyperref Info: Link coloring with OCG OFF on input line 6090.
Package hyperref Info: PDF/A mode OFF on input line 6095.
\Hy@abspage=\count306


Package hyperref Message: Stopped early.

)
Package hyperref Info: Driver (autodetected): hpdftex.

(C:\Users\84845.DESKTOP-6UDUU1B\AppData\Local\Programs\MiKTeX\tex/latex/hyperre
f\hpdftex.def
File: hpdftex.def 2023-11-26 v7.01g Hyperref driver for pdfTeX

(C:\Users\84845.DESKTOP-6UDUU1B\AppData\Local\Programs\MiKTeX\tex/latex/base\at
veryend-ltx.sty
Package: atveryend-ltx 2020/08/19 v1.0a Emulation of the original atveryend pac
kage
with kernel methods
)
\Fld@listcount=\count307
\c@bookmark@seq@number=\count308

(C:\Users\84845.DESKTOP-6UDUU1B\AppData\Local\Programs\MiKTeX\tex/latex/rerunfi
lecheck\rerunfilecheck.sty
Package: rerunfilecheck 2025-06-21 v1.11 Rerun checks for auxiliary files (HO)

(C:\Users\84845.DESKTOP-6UDUU1B\AppData\Local\Programs\MiKTeX\tex/generic/uniqu
ecounter\uniquecounter.sty
Package: uniquecounter 2019/12/15 v1.4 Provide unlimited unique counter (HO)
)
Package uniquecounter Info: New unique counter `rerunfilecheck' on input line 2
84.
))
(C:\Users\84845.DESKTOP-6UDUU1B\AppData\Local\Programs\MiKTeX\tex/latex/beamer\
beamerbaserequires.sty
(C:\Users\84845.DESKTOP-6UDUU1B\AppData\Local\Programs\MiKTeX\tex/latex/beamer\
beamerbasecompatibility.sty)
(C:\Users\84845.DESKTOP-6UDUU1B\AppData\Local\Programs\MiKTeX\tex/latex/beamer\
beamerbasefont.sty
(C:\Users\84845.DESKTOP-6UDUU1B\AppData\Local\Programs\MiKTeX\tex/latex/amsfont
s\amssymb.sty
Package: amssymb 2013/01/14 v3.01 AMS font symbols

(C:\Users\84845.DESKTOP-6UDUU1B\AppData\Local\Programs\MiKTeX\tex/latex/amsfont
s\amsfonts.sty
Package: amsfonts 2013/01/14 v3.01 Basic AMSFonts support
\@emptytoks=\toks29
\symAMSa=\mathgroup4
\symAMSb=\mathgroup5
LaTeX Font Info:    Redeclaring math symbol \hbar on input line 98.
LaTeX Font Info:    Overwriting math alphabet `\mathfrak' in version `bold'
(Font)                  U/euf/m/n --> U/euf/b/n on input line 106.
))
(C:\Users\84845.DESKTOP-6UDUU1B\AppData\Local\Programs\MiKTeX\tex/latex/sansmat
haccent\sansmathaccent.sty
Package: sansmathaccent 2020/01/31

(C:\Users\84845.DESKTOP-6UDUU1B\AppData\Local\Programs\MiKTeX\tex/latex/koma-sc
ript\scrlfile.sty
Package: scrlfile 2025/12/01 v3.49 KOMA-Script package (file load hooks)

(C:\Users\84845.DESKTOP-6UDUU1B\AppData\Local\Programs\MiKTeX\tex/latex/koma-sc
ript\scrlfile-hook.sty
Package: scrlfile-hook 2025/12/01 v3.49 KOMA-Script package (using LaTeX hooks)


(C:\Users\84845.DESKTOP-6UDUU1B\AppData\Local\Programs\MiKTeX\tex/latex/koma-sc
ript\scrlogo.sty
Package: scrlogo 2025/12/01 v3.49 KOMA-Script package (logo)
)))))
(C:\Users\84845.DESKTOP-6UDUU1B\AppData\Local\Programs\MiKTeX\tex/latex/beamer\
beamerbasetranslator.sty
(C:\Users\84845.DESKTOP-6UDUU1B\AppData\Local\Programs\MiKTeX\tex/latex/transla
tor\translator.sty
Package: translator 2021-05-31 v1.12d Easy translation of strings in LaTeX
))
(C:\Users\84845.DESKTOP-6UDUU1B\AppData\Local\Programs\MiKTeX\tex/latex/beamer\
beamerbasemisc.sty)
(C:\Users\84845.DESKTOP-6UDUU1B\AppData\Local\Programs\MiKTeX\tex/latex/beamer\
beamerbasetwoscreens.sty)
(C:\Users\84845.DESKTOP-6UDUU1B\AppData\Local\Programs\MiKTeX\tex/latex/beamer\
beamerbaseoverlay.sty
\beamer@argscount=\count309
\beamer@lastskipcover=\skip51
\beamer@trivlistdepth=\count310
)
(C:\Users\84845.DESKTOP-6UDUU1B\AppData\Local\Programs\MiKTeX\tex/latex/beamer\
beamerbasetitle.sty)
(C:\Users\84845.DESKTOP-6UDUU1B\AppData\Local\Programs\MiKTeX\tex/latex/beamer\
beamerbasesection.sty
\c@lecture=\count311
\c@part=\count312
\c@section=\count313
\c@subsection=\count314
\c@subsubsection=\count315
)
(C:\Users\84845.DESKTOP-6UDUU1B\AppData\Local\Programs\MiKTeX\tex/latex/beamer\
beamerbaseframe.sty
\beamer@framebox=\box66
\beamer@frametitlebox=\box67
\beamer@zoombox=\box68
\beamer@zoomcount=\count316
\beamer@zoomframecount=\count317
\beamer@frametextheight=\dimen271
\c@subsectionslide=\count318
\beamer@frametopskip=\skip52
\beamer@framebottomskip=\skip53
\beamer@frametopskipautobreak=\skip54
\beamer@framebottomskipautobreak=\skip55
\beamer@envbody=\toks30
\framewidth=\dimen272
\c@framenumber=\count319
)
(C:\Users\84845.DESKTOP-6UDUU1B\AppData\Local\Programs\MiKTeX\tex/latex/beamer\
beamerbaseverbatim.sty
\beamer@verbatimfileout=\write4
)
(C:\Users\84845.DESKTOP-6UDUU1B\AppData\Local\Programs\MiKTeX\tex/latex/beamer\
beamerbaseframesize.sty
\beamer@splitbox=\box69
\beamer@autobreakcount=\count320
\beamer@autobreaklastheight=\dimen273
\beamer@frametitletoks=\toks31
\beamer@framesubtitletoks=\toks32
)
(C:\Users\84845.DESKTOP-6UDUU1B\AppData\Local\Programs\MiKTeX\tex/latex/beamer\
beamerbaseframecomponents.sty
\beamer@colheight=\skip56
\beamer@footins=\box70
)
(C:\Users\84845.DESKTOP-6UDUU1B\AppData\Local\Programs\MiKTeX\tex/latex/beamer\
beamerbasecolor.sty)
(C:\Users\84845.DESKTOP-6UDUU1B\AppData\Local\Programs\MiKTeX\tex/latex/beamer\
beamerbasenotes.sty
\beamer@frameboxcopy=\box71
)
(C:\Users\84845.DESKTOP-6UDUU1B\AppData\Local\Programs\MiKTeX\tex/latex/beamer\
beamerbasetoc.sty)
(C:\Users\84845.DESKTOP-6UDUU1B\AppData\Local\Programs\MiKTeX\tex/latex/beamer\
beamerbasetemplates.sty
\beamer@sbttoks=\toks33

(C:\Users\84845.DESKTOP-6UDUU1B\AppData\Local\Programs\MiKTeX\tex/latex/beamer\
beamerbaseauxtemplates.sty
(C:\Users\84845.DESKTOP-6UDUU1B\AppData\Local\Programs\MiKTeX\tex/latex/beamer\
beamerbaseboxes.sty
\bmb@box=\box72
\bmb@colorbox=\box73
\bmb@boxwidth=\dimen274
\bmb@boxheight=\dimen275
\bmb@prevheight=\dimen276
\bmb@temp=\dimen277
\bmb@dima=\dimen278
\bmb@dimb=\dimen279
\bmb@prevheight=\dimen280
)
\beamer@blockheadheight=\dimen281
))
(C:\Users\84845.DESKTOP-6UDUU1B\AppData\Local\Programs\MiKTeX\tex/latex/beamer\
beamerbaselocalstructure.sty
(C:\Users\84845.DESKTOP-6UDUU1B\AppData\Local\Programs\MiKTeX\tex/latex/tools\e
numerate.sty
Package: enumerate 2023/07/04 v3.00 enumerate extensions (DPC)
\@enLab=\toks34
)
\beamer@bibiconwidth=\skip57
\c@figure=\count321
\c@table=\count322
\abovecaptionskip=\skip58
\belowcaptionskip=\skip59
)
(C:\Users\84845.DESKTOP-6UDUU1B\AppData\Local\Programs\MiKTeX\tex/latex/beamer\
beamerbasenavigation.sty
(C:\Users\84845.DESKTOP-6UDUU1B\AppData\Local\Programs\MiKTeX\tex/latex/beamer\
beamerbasenavigationsymbols.tex)
\beamer@section@min@dim=\dimen282
)
(C:\Users\84845.DESKTOP-6UDUU1B\AppData\Local\Programs\MiKTeX\tex/latex/beamer\
beamerbasetheorems.sty
(C:\Users\84845.DESKTOP-6UDUU1B\AppData\Local\Programs\MiKTeX\tex/latex/amsmath
\amsmath.sty
Package: amsmath 2023/05/13 v2.17o AMS math features
\@mathmargin=\skip60

For additional information on amsmath, use the `?' option.

(C:\Users\84845.DESKTOP-6UDUU1B\AppData\Local\Programs\MiKTeX\tex/latex/amsmath
\amstext.sty
Package: amstext 2021/08/26 v2.01 AMS text

(C:\Users\84845.DESKTOP-6UDUU1B\AppData\Local\Programs\MiKTeX\tex/latex/amsmath
\amsgen.sty
File: amsgen.sty 1999/11/30 v2.0 generic functions
\@emptytoks=\toks35
\ex@=\dimen283
))
(C:\Users\84845.DESKTOP-6UDUU1B\AppData\Local\Programs\MiKTeX\tex/latex/amsmath
\amsbsy.sty
Package: amsbsy 1999/11/29 v1.2d Bold Symbols
\pmbraise@=\dimen284
)
(C:\Users\84845.DESKTOP-6UDUU1B\AppData\Local\Programs\MiKTeX\tex/latex/amsmath
\amsopn.sty
Package: amsopn 2022/04/08 v2.04 operator names
)
\inf@bad=\count323
LaTeX Info: Redefining \frac on input line 234.
\uproot@=\count324
\leftroot@=\count325
LaTeX Info: Redefining \overline on input line 399.
LaTeX Info: Redefining \colon on input line 410.
\classnum@=\count326
\DOTSCASE@=\count327
LaTeX Info: Redefining \ldots on input line 496.
LaTeX Info: Redefining \dots on input line 499.
LaTeX Info: Redefining \cdots on input line 620.
\Mathstrutbox@=\box74
\strutbox@=\box75
LaTeX Info: Redefining \big on input line 722.
LaTeX Info: Redefining \Big on input line 723.
LaTeX Info: Redefining \bigg on input line 724.
LaTeX Info: Redefining \Bigg on input line 725.
\big@size=\dimen285
LaTeX Font Info:    Redeclaring font encoding OML on input line 743.
LaTeX Font Info:    Redeclaring font encoding OMS on input line 744.
\macc@depth=\count328
LaTeX Info: Redefining \bmod on input line 905.
LaTeX Info: Redefining \pmod on input line 910.
LaTeX Info: Redefining \smash on input line 940.
LaTeX Info: Redefining \relbar on input line 970.
LaTeX Info: Redefining \Relbar on input line 971.
\c@MaxMatrixCols=\count329
\dotsspace@=\muskip17
\c@parentequation=\count330
\dspbrk@lvl=\count331
\tag@help=\toks36
\row@=\count332
\column@=\count333
\maxfields@=\count334
\andhelp@=\toks37
\eqnshift@=\dimen286
\alignsep@=\dimen287
\tagshift@=\dimen288
\tagwidth@=\dimen289
\totwidth@=\dimen290
\lineht@=\dimen291
\@envbody=\toks38
\multlinegap=\skip61
\multlinetaggap=\skip62
\mathdisplay@stack=\toks39
LaTeX Info: Redefining \[ on input line 2953.
LaTeX Info: Redefining \] on input line 2954.
)
(C:\Users\84845.DESKTOP-6UDUU1B\AppData\Local\Programs\MiKTeX\tex/latex/amscls\
amsthm.sty
Package: amsthm 2020/05/29 v2.20.6
\thm@style=\toks40
\thm@bodyfont=\toks41
\thm@headfont=\toks42
\thm@notefont=\toks43
\thm@headpunct=\toks44
\thm@preskip=\skip63
\thm@postskip=\skip64
\thm@headsep=\skip65
\dth@everypar=\toks45
)
\c@theorem=\count335
)
(C:\Users\84845.DESKTOP-6UDUU1B\AppData\Local\Programs\MiKTeX\tex/latex/beamer\
beamerbasethemes.sty))
(C:\Users\84845.DESKTOP-6UDUU1B\AppData\Local\Programs\MiKTeX\tex/latex/beamer\
beamerthemedefault.sty
(C:\Users\84845.DESKTOP-6UDUU1B\AppData\Local\Programs\MiKTeX\tex/latex/beamer\
beamerfontthemedefault.sty)
(C:\Users\84845.DESKTOP-6UDUU1B\AppData\Local\Programs\MiKTeX\tex/latex/beamer\
beamercolorthemedefault.sty)
(C:\Users\84845.DESKTOP-6UDUU1B\AppData\Local\Programs\MiKTeX\tex/latex/beamer\
beamerinnerthemedefault.sty
\beamer@dima=\dimen292
\beamer@dimb=\dimen293
)
(C:\Users\84845.DESKTOP-6UDUU1B\AppData\Local\Programs\MiKTeX\tex/latex/beamer\
beamerouterthemedefault.sty)))
(C:\Users\84845.DESKTOP-6UDUU1B\AppData\Local\Programs\MiKTeX\tex/latex/beamer\
beamerthemeMadrid.sty
(C:\Users\84845.DESKTOP-6UDUU1B\AppData\Local\Programs\MiKTeX\tex/latex/beamer\
beamercolorthemewhale.sty)
(C:\Users\84845.DESKTOP-6UDUU1B\AppData\Local\Programs\MiKTeX\tex/latex/beamer\
beamercolorthemeorchid.sty)
(C:\Users\84845.DESKTOP-6UDUU1B\AppData\Local\Programs\MiKTeX\tex/latex/beamer\
beamerinnerthemerounded.sty)
(C:\Users\84845.DESKTOP-6UDUU1B\AppData\Local\Programs\MiKTeX\tex/latex/beamer\
beamerouterthemeinfolines.sty))
(C:\Users\84845.DESKTOP-6UDUU1B\AppData\Local\Programs\MiKTeX\tex/latex/base\in
putenc.sty
Package: inputenc 2021/02/14 v1.3d Input encoding file
\inpenc@prehook=\toks46
\inpenc@posthook=\toks47
)
(C:\Users\84845.DESKTOP-6UDUU1B\AppData\Local\Programs\MiKTeX\tex/generic/babel
\babel.sty
Package: babel 2024/01/07 v24.1 The Babel package
\babel@savecnt=\count336
\U@D=\dimen294
\l@unhyphenated=\language79

(C:\Users\84845.DESKTOP-6UDUU1B\AppData\Local\Programs\MiKTeX\tex/generic/babel
\txtbabel.def)
\bbl@readstream=\read3
LaTeX Info: Redefining \textlatin on input line 3986.
\bbl@dirlevel=\count337

*************************************
* Local config file bblopts.cfg used
*

(C:\Users\84845.DESKTOP-6UDUU1B\AppData\Local\Programs\MiKTeX\tex/latex/arabi\b
blopts.cfg
File: bblopts.cfg 2005/09/08 v0.1 add Arabic and Farsi to "declared" options of
 babel
)
(C:\Users\84845.DESKTOP-6UDUU1B\AppData\Local\Programs\MiKTeX\tex/latex/babel-v
ietnamese\vietnamese.ldf
Language: vietnamese 


Package babel Warning: No hyphenation patterns were preloaded for
(babel)                the language 'Vietnamese' into the format.
(babel)                Please, configure your TeX system to add them and
(babel)                rebuild the format. Now I will use the patterns
(babel)                preloaded for \language=0 instead on input line 36.

Package babel Info: Hyphen rules for 'vietnamese' set to \l@english
(babel)             (\language0). Reported on input line 37.
Package babel Info: Hyphen rules for 'vietnam' set to \l@english
(babel)             (\language0). Reported on input line 38.
Loading definitions for the Vietnamese font encoding
(C:\Users\84845.DESKTOP-6UDUU1B\AppData\Local\Programs\MiKTeX\tex/latex/vntex\t
5enc.def
File: t5enc.def 2006/11/21 v1.4 Vietnamese T5 encoding
Now handling font encoding T5 ...
... processing UTF-8 mapping file for font encoding T5

(C:\Users\84845.DESKTOP-6UDUU1B\AppData\Local\Programs\MiKTeX\tex/latex/vntex\t
5enc.dfu
File: t5enc.dfu 2006/08/19 v1.1 UTF8 support for Vietnamese
   defining Unicode char U+00AB (decimal 171)
   defining Unicode char U+00BB (decimal 187)
   defining Unicode char U+00C0 (decimal 192)
   defining Unicode char U+00C1 (decimal 193)
   defining Unicode char U+00C2 (decimal 194)
   defining Unicode char U+00C3 (decimal 195)
   defining Unicode char U+00C8 (decimal 200)
   defining Unicode char U+00C9 (decimal 201)
   defining Unicode char U+00CA (decimal 202)
   defining Unicode char U+00CC (decimal 204)
   defining Unicode char U+00CD (decimal 205)
   defining Unicode char U+00D2 (decimal 210)
   defining Unicode char U+00D3 (decimal 211)
   defining Unicode char U+00D4 (decimal 212)
   defining Unicode char U+00D5 (decimal 213)
   defining Unicode char U+00D9 (decimal 217)
   defining Unicode char U+00DA (decimal 218)
   defining Unicode char U+00DD (decimal 221)
   defining Unicode char U+00E0 (decimal 224)
   defining Unicode char U+00E1 (decimal 225)
   defining Unicode char U+00E2 (decimal 226)
   defining Unicode char U+00E3 (decimal 227)
   defining Unicode char U+00E8 (decimal 232)
   defining Unicode char U+00E9 (decimal 233)
   defining Unicode char U+00EA (decimal 234)
   defining Unicode char U+00EC (decimal 236)
   defining Unicode char U+00ED (decimal 237)
   defining Unicode char U+00F2 (decimal 242)
   defining Unicode char U+00F3 (decimal 243)
   defining Unicode char U+00F4 (decimal 244)
   defining Unicode char U+00F5 (decimal 245)
   defining Unicode char U+00F9 (decimal 249)
   defining Unicode char U+00FA (decimal 250)
   defining Unicode char U+00FD (decimal 253)
   defining Unicode char U+0102 (decimal 258)
   defining Unicode char U+0103 (decimal 259)
   defining Unicode char U+0110 (decimal 272)
   defining Unicode char U+0111 (decimal 273)
   defining Unicode char U+0128 (decimal 296)
   defining Unicode char U+0129 (decimal 297)
   defining Unicode char U+0131 (decimal 305)
   defining Unicode char U+0168 (decimal 360)
   defining Unicode char U+0169 (decimal 361)
   defining Unicode char U+01A0 (decimal 416)
   defining Unicode char U+01A1 (decimal 417)
   defining Unicode char U+01AF (decimal 431)
   defining Unicode char U+01B0 (decimal 432)
   defining Unicode char U+1EA0 (decimal 7840)
   defining Unicode char U+1EA1 (decimal 7841)
   defining Unicode char U+1EA2 (decimal 7842)
   defining Unicode char U+1EA3 (decimal 7843)
   defining Unicode char U+1EA4 (decimal 7844)
   defining Unicode char U+1EA5 (decimal 7845)
   defining Unicode char U+1EA6 (decimal 7846)
   defining Unicode char U+1EA7 (decimal 7847)
   defining Unicode char U+1EA8 (decimal 7848)
   defining Unicode char U+1EA9 (decimal 7849)
   defining Unicode char U+1EAA (decimal 7850)
   defining Unicode char U+1EAB (decimal 7851)
   defining Unicode char U+1EAC (decimal 7852)
   defining Unicode char U+1EAD (decimal 7853)
   defining Unicode char U+1EAE (decimal 7854)
   defining Unicode char U+1EAF (decimal 7855)
   defining Unicode char U+1EB0 (decimal 7856)
   defining Unicode char U+1EB1 (decimal 7857)
   defining Unicode char U+1EB2 (decimal 7858)
   defining Unicode char U+1EB3 (decimal 7859)
   defining Unicode char U+1EB4 (decimal 7860)
   defining Unicode char U+1EB5 (decimal 7861)
   defining Unicode char U+1EB6 (decimal 7862)
   defining Unicode char U+1EB7 (decimal 7863)
   defining Unicode char U+1EB8 (decimal 7864)
   defining Unicode char U+1EB9 (decimal 7865)
   defining Unicode char U+1EBA (decimal 7866)
   defining Unicode char U+1EBB (decimal 7867)
   defining Unicode char U+1EBC (decimal 7868)
   defining Unicode char U+1EBD (decimal 7869)
   defining Unicode char U+1EBE (decimal 7870)
   defining Unicode char U+1EBF (decimal 7871)
   defining Unicode char U+1EC0 (decimal 7872)
   defining Unicode char U+1EC1 (decimal 7873)
   defining Unicode char U+1EC2 (decimal 7874)
   defining Unicode char U+1EC3 (decimal 7875)
   defining Unicode char U+1EC4 (decimal 7876)
   defining Unicode char U+1EC5 (decimal 7877)
   defining Unicode char U+1EC6 (decimal 7878)
   defining Unicode char U+1EC7 (decimal 7879)
   defining Unicode char U+1EC8 (decimal 7880)
   defining Unicode char U+1EC9 (decimal 7881)
   defining Unicode char U+1ECA (decimal 7882)
   defining Unicode char U+1ECB (decimal 7883)
   defining Unicode char U+1ECC (decimal 7884)
   defining Unicode char U+1ECD (decimal 7885)
   defining Unicode char U+1ECE (decimal 7886)
   defining Unicode char U+1ECF (decimal 7887)
   defining Unicode char U+1ED0 (decimal 7888)
   defining Unicode char U+1ED1 (decimal 7889)
   defining Unicode char U+1ED2 (decimal 7890)
   defining Unicode char U+1ED3 (decimal 7891)
   defining Unicode char U+1ED4 (decimal 7892)
   defining Unicode char U+1ED5 (decimal 7893)
   defining Unicode char U+1ED6 (decimal 7894)
   defining Unicode char U+1ED7 (decimal 7895)
   defining Unicode char U+1ED8 (decimal 7896)
   defining Unicode char U+1ED9 (decimal 7897)
   defining Unicode char U+1EDA (decimal 7898)
   defining Unicode char U+1EDB (decimal 7899)
   defining Unicode char U+1EDC (decimal 7900)
   defining Unicode char U+1EDD (decimal 7901)
   defining Unicode char U+1EDE (decimal 7902)
   defining Unicode char U+1EDF (decimal 7903)
   defining Unicode char U+1EE0 (decimal 7904)
   defining Unicode char U+1EE1 (decimal 7905)
   defining Unicode char U+1EE2 (decimal 7906)
   defining Unicode char U+1EE3 (decimal 7907)
   defining Unicode char U+1EE4 (decimal 7908)
   defining Unicode char U+1EE5 (decimal 7909)
   defining Unicode char U+1EE6 (decimal 7910)
   defining Unicode char U+1EE7 (decimal 7911)
   defining Unicode char U+1EE8 (decimal 7912)
   defining Unicode char U+1EE9 (decimal 7913)
   defining Unicode char U+1EEA (decimal 7914)
   defining Unicode char U+1EEB (decimal 7915)
   defining Unicode char U+1EEC (decimal 7916)
   defining Unicode char U+1EED (decimal 7917)
   defining Unicode char U+1EEE (decimal 7918)
   defining Unicode char U+1EEF (decimal 7919)
   defining Unicode char U+1EF0 (decimal 7920)
   defining Unicode char U+1EF1 (decimal 7921)
   defining Unicode char U+1EF2 (decimal 7922)
   defining Unicode char U+1EF3 (decimal 7923)
   defining Unicode char U+1EF4 (decimal 7924)
   defining Unicode char U+1EF5 (decimal 7925)
   defining Unicode char U+1EF6 (decimal 7926)
   defining Unicode char U+1EF7 (decimal 7927)
   defining Unicode char U+1EF8 (decimal 7928)
   defining Unicode char U+1EF9 (decimal 7929)
   defining Unicode char U+200C (decimal 8204)
   defining Unicode char U+2013 (decimal 8211)
   defining Unicode char U+2014 (decimal 8212)
   defining Unicode char U+2018 (decimal 8216)
   defining Unicode char U+2019 (decimal 8217)
   defining Unicode char U+201A (decimal 8218)
   defining Unicode char U+201C (decimal 8220)
   defining Unicode char U+201D (decimal 8221)
   defining Unicode char U+201E (decimal 8222)
   defining Unicode char U+2030 (decimal 8240)
   defining Unicode char U+2031 (decimal 8241)
   defining Unicode char U+2039 (decimal 8249)
   defining Unicode char U+203A (decimal 8250)
   defining Unicode char U+2423 (decimal 9251)
))
Package babel Info: Making " an active character on input line 147.
))
(C:\Users\84845.DESKTOP-6UDUU1B\AppData\Local\Programs\MiKTeX\tex/generic/babel
/locale/vi\babel-vietnamese.tex
Package babel Info: Importing font and identification data for vietnamese
(babel)             from babel-vi.ini. Reported on input line 11.
)
(C:\Users\84845.DESKTOP-6UDUU1B\AppData\Local\Programs\MiKTeX\tex/latex/listing
s\listings.sty
\lst@mode=\count338
\lst@gtempboxa=\box76
\lst@token=\toks48
\lst@length=\count339
\lst@currlwidth=\dimen295
\lst@column=\count340
\lst@pos=\count341
\lst@lostspace=\dimen296
\lst@width=\dimen297
\lst@newlines=\count342
\lst@lineno=\count343
\lst@maxwidth=\dimen298

(C:\Users\84845.DESKTOP-6UDUU1B\AppData\Local\Programs\MiKTeX\tex/latex/listing
s\lstmisc.sty
File: lstmisc.sty 2023/02/27 1.9 (Carsten Heinz)
\c@lstnumber=\count344
\lst@skipnumbers=\count345
\lst@framebox=\box77
)
(C:\Users\84845.DESKTOP-6UDUU1B\AppData\Local\Programs\MiKTeX\tex/latex/listing
s\listings.cfg
File: listings.cfg 2023/02/27 1.9 listings configuration
))
Package: listings 2023/02/27 1.9 (Carsten Heinz)

(C:\Users\84845.DESKTOP-6UDUU1B\AppData\Local\Programs\MiKTeX\tex/latex/booktab
s\booktabs.sty
Package: booktabs 2020/01/12 v1.61803398 Publication quality tables
\heavyrulewidth=\dimen299
\lightrulewidth=\dimen300
\cmidrulewidth=\dimen301
\belowrulesep=\dimen302
\belowbottomsep=\dimen303
\aboverulesep=\dimen304
\abovetopsep=\dimen305
\cmidrulesep=\dimen306
\cmidrulekern=\dimen307
\defaultaddspace=\dimen308
\@cmidla=\count346
\@cmidlb=\count347
\@aboverulesep=\dimen309
\@belowrulesep=\dimen310
\@thisruleclass=\count348
\@lastruleclass=\count349
\@thisrulewidth=\dimen311
)

Package hyperref Warning: Token not allowed in a PDF string (Unicode):
(hyperref)                removing `\\' on input line 20.


(C:\Users\84845.DESKTOP-6UDUU1B\AppData\Local\Programs\MiKTeX\tex/latex/l3backe
nd\l3backend-pdftex.def
File: l3backend-pdftex.def 2024-01-04 L3 backend support: PDF output (pdfTeX)
\l__color_backend_stack_int=\count350
\l__pdf_internal_box=\box78
) (beamer.aux
LaTeX Font Info:    Trying to load font information for T5+cmss on input line 8
.

(C:\Users\84845.DESKTOP-6UDUU1B\AppData\Local\Programs\MiKTeX\tex/latex/vntex\t
5cmss.fd
File: t5cmss.fd 1999/05/25 v2.5h Standard LaTeX font definitions
))
\openout1 = `beamer.aux'.

LaTeX Font Info:    Checking defaults for OML/cmm/m/it on input line 27.
LaTeX Font Info:    ... okay on input line 27.
LaTeX Font Info:    Checking defaults for OMS/cmsy/m/n on input line 27.
LaTeX Font Info:    ... okay on input line 27.
LaTeX Font Info:    Checking defaults for OT1/cmr/m/n on input line 27.
LaTeX Font Info:    ... okay on input line 27.
LaTeX Font Info:    Checking defaults for T1/cmr/m/n on input line 27.
LaTeX Font Info:    ... okay on input line 27.
LaTeX Font Info:    Checking defaults for TS1/cmr/m/n on input line 27.
LaTeX Font Info:    ... okay on input line 27.
LaTeX Font Info:    Checking defaults for OMX/cmex/m/n on input line 27.
LaTeX Font Info:    ... okay on input line 27.
LaTeX Font Info:    Checking defaults for U/cmr/m/n on input line 27.
LaTeX Font Info:    ... okay on input line 27.
LaTeX Font Info:    Checking defaults for PD1/pdf/m/n on input line 27.
LaTeX Font Info:    ... okay on input line 27.
LaTeX Font Info:    Checking defaults for PU/pdf/m/n on input line 27.
LaTeX Font Info:    ... okay on input line 27.
LaTeX Font Info:    Checking defaults for T5/cmr/m/n on input line 27.
LaTeX Font Info:    Trying to load font information for T5+cmr on input line 27
.

(C:\Users\84845.DESKTOP-6UDUU1B\AppData\Local\Programs\MiKTeX\tex/latex/vntex\t
5cmr.fd
File: t5cmr.fd 1999/05/25 v2.5h Standard LaTeX font definitions
)
LaTeX Font Info:    ... okay on input line 27.

*geometry* driver: auto-detecting
*geometry* detected driver: pdftex
*geometry* verbose mode - [ preamble ] result:
* driver: pdftex
* paper: custom
* layout: <same size as paper>
* layoutoffset:(h,v)=(0.0pt,0.0pt)
* modes: includehead includefoot 
* h-part:(L,W,R)=(10.00002pt, 435.24405pt, 10.00002pt)
* v-part:(T,H,B)=(0.0pt, 256.0748pt, 0.0pt)
* \paperwidth=455.24408pt
* \paperheight=256.0748pt
* \textwidth=435.24405pt
* \textheight=227.62207pt
* \oddsidemargin=-62.26997pt
* \evensidemargin=-62.26997pt
* \topmargin=-72.26999pt
* \headheight=14.22636pt
* \headsep=0.0pt
* \topskip=10.0pt
* \footskip=14.22636pt
* \marginparwidth=3.0pt
* \marginparsep=11.0pt
* \columnsep=10.0pt
* \skip\footins=9.0pt plus 4.0pt minus 2.0pt
* \hoffset=0.0pt
* \voffset=0.0pt
* \mag=1000
* \@twocolumnfalse
* \@twosidefalse
* \@mparswitchfalse
* \@reversemarginfalse
* (1in=72.27pt=25.4mm, 1cm=28.453pt)


(C:\Users\84845.DESKTOP-6UDUU1B\AppData\Local\Programs\MiKTeX\tex/context/base/
mkii\supp-pdf.mkii
[Loading MPS to PDF converter (version 2006.09.02).]
\scratchcounter=\count351
\scratchdimen=\dimen312
\scratchbox=\box79
\nofMPsegments=\count352
\nofMParguments=\count353
\everyMPshowfont=\toks49
\MPscratchCnt=\count354
\MPscratchDim=\dimen313
\MPnumerator=\count355
\makeMPintoPDFobject=\count356
\everyMPtoPDFconversion=\toks50
)
(C:\Users\84845.DESKTOP-6UDUU1B\AppData\Local\Programs\MiKTeX\tex/latex/epstopd
f-pkg\epstopdf-base.sty
Package: epstopdf-base 2020-01-24 v2.11 Base part for package epstopdf
Package epstopdf-base Info: Redefining graphics rule for `.eps' on input line 4
85.

(C:\Users\84845.DESKTOP-6UDUU1B\AppData\Local\Programs\MiKTeX\tex/latex/00mikte
x\epstopdf-sys.cfg
File: epstopdf-sys.cfg 2021/03/18 v2.0 Configuration of epstopdf for MiKTeX
))
Package hyperref Info: Link coloring OFF on input line 27.
 (beamer.out) (beamer.out)
\@outlinefile=\write5
\openout5 = `beamer.out'.

LaTeX Font Info:    Overwriting symbol font `operators' in version `normal'
(Font)                  OT1/cmr/m/n --> OT1/cmss/m/n on input line 27.
LaTeX Font Info:    Overwriting symbol font `operators' in version `bold'
(Font)                  OT1/cmr/bx/n --> OT1/cmss/b/n on input line 27.
\symnumbers=\mathgroup6
\sympureletters=\mathgroup7
LaTeX Font Info:    Overwriting math alphabet `\mathrm' in version `normal'
(Font)                  OT1/cmss/m/n --> OT1/cmr/m/n on input line 27.
LaTeX Font Info:    Redeclaring math alphabet \mathbf on input line 27.
LaTeX Font Info:    Overwriting math alphabet `\mathbf' in version `normal'
(Font)                  OT1/cmr/bx/n --> OT1/cmss/b/n on input line 27.
LaTeX Font Info:    Overwriting math alphabet `\mathbf' in version `bold'
(Font)                  OT1/cmr/bx/n --> OT1/cmss/b/n on input line 27.
LaTeX Font Info:    Redeclaring math alphabet \mathsf on input line 27.
LaTeX Font Info:    Overwriting math alphabet `\mathsf' in version `normal'
(Font)                  OT1/cmss/m/n --> OT1/cmss/m/n on input line 27.
LaTeX Font Info:    Overwriting math alphabet `\mathsf' in version `bold'
(Font)                  OT1/cmss/bx/n --> OT1/cmss/m/n on input line 27.
LaTeX Font Info:    Redeclaring math alphabet \mathit on input line 27.
LaTeX Font Info:    Overwriting math alphabet `\mathit' in version `normal'
(Font)                  OT1/cmr/m/it --> OT1/cmss/m/it on input line 27.
LaTeX Font Info:    Overwriting math alphabet `\mathit' in version `bold'
(Font)                  OT1/cmr/bx/it --> OT1/cmss/m/it on input line 27.
LaTeX Font Info:    Redeclaring math alphabet \mathtt on input line 27.
LaTeX Font Info:    Overwriting math alphabet `\mathtt' in version `normal'
(Font)                  OT1/cmtt/m/n --> OT1/cmtt/m/n on input line 27.
LaTeX Font Info:    Overwriting math alphabet `\mathtt' in version `bold'
(Font)                  OT1/cmtt/m/n --> OT1/cmtt/m/n on input line 27.
LaTeX Font Info:    Overwriting symbol font `numbers' in version `bold'
(Font)                  OT1/cmss/m/n --> OT1/cmss/b/n on input line 27.
LaTeX Font Info:    Overwriting symbol font `pureletters' in version `bold'
(Font)                  OT1/cmss/m/it --> OT1/cmss/b/it on input line 27.
LaTeX Font Info:    Overwriting math alphabet `\mathrm' in version `bold'
(Font)                  OT1/cmss/b/n --> OT1/cmr/b/n on input line 27.
LaTeX Font Info:    Overwriting math alphabet `\mathbf' in version `bold'
(Font)                  OT1/cmss/b/n --> OT1/cmss/b/n on input line 27.
LaTeX Font Info:    Overwriting math alphabet `\mathsf' in version `bold'
(Font)                  OT1/cmss/m/n --> OT1/cmss/b/n on input line 27.
LaTeX Font Info:    Overwriting math alphabet `\mathit' in version `bold'
(Font)                  OT1/cmss/m/it --> OT1/cmss/b/it on input line 27.
LaTeX Font Info:    Overwriting math alphabet `\mathtt' in version `bold'
(Font)                  OT1/cmtt/m/n --> OT1/cmtt/b/n on input line 27.
LaTeX Font Info:    Redeclaring symbol font `pureletters' on input line 27.
LaTeX Font Info:    Overwriting symbol font `pureletters' in version `normal'
(Font)                  OT1/cmss/m/it --> OT1/mathkerncmss/m/sl on input line 2
7.
LaTeX Font Info:    Overwriting symbol font `pureletters' in version `bold'
(Font)                  OT1/cmss/b/it --> OT1/mathkerncmss/m/sl on input line 2
7.
LaTeX Font Info:    Overwriting symbol font `pureletters' in version `bold'
(Font)                  OT1/mathkerncmss/m/sl --> OT1/mathkerncmss/bx/sl on inp
ut line 27.

(C:\Users\84845.DESKTOP-6UDUU1B\AppData\Local\Programs\MiKTeX\tex/latex/transla
tor\translator-basic-dictionary-English.dict
Dictionary: translator-basic-dictionary, Language: English 
)
(C:\Users\84845.DESKTOP-6UDUU1B\AppData\Local\Programs\MiKTeX\tex/latex/transla
tor\translator-bibliography-dictionary-English.dict
Dictionary: translator-bibliography-dictionary, Language: English 
)
(C:\Users\84845.DESKTOP-6UDUU1B\AppData\Local\Programs\MiKTeX\tex/latex/transla
tor\translator-environment-dictionary-English.dict
Dictionary: translator-environment-dictionary, Language: English 
)
(C:\Users\84845.DESKTOP-6UDUU1B\AppData\Local\Programs\MiKTeX\tex/latex/transla
tor\translator-months-dictionary-English.dict
Dictionary: translator-months-dictionary, Language: English 
)
(C:\Users\84845.DESKTOP-6UDUU1B\AppData\Local\Programs\MiKTeX\tex/latex/transla
tor\translator-numbers-dictionary-English.dict
Dictionary: translator-numbers-dictionary, Language: English 
)
(C:\Users\84845.DESKTOP-6UDUU1B\AppData\Local\Programs\MiKTeX\tex/latex/transla
tor\translator-theorem-dictionary-English.dict
Dictionary: translator-theorem-dictionary, Language: English 
)
\c@lstlisting=\count357
 (beamer.nav) [1

{C:/Users/84845.DESKTOP-6UDUU1B/AppData/Local/MiKTeX/fonts/map/pdftex/pdftex.ma
p}] [2

]

LaTeX Font Warning: Font shape `T5/cmss/m/it' in size <9> not available
(Font)              Font shape `T5/cmss/m/sl' tried instead on input line 77.

LaTeX Font Info:    Trying to load font information for U+msa on input line 77.


(C:\Users\84845.DESKTOP-6UDUU1B\AppData\Local\Programs\MiKTeX\tex/latex/amsfont
s\umsa.fd
File: umsa.fd 2013/01/14 v3.01 AMS symbols A
)
LaTeX Font Info:    Trying to load font information for U+msb on input line 77.


(C:\Users\84845.DESKTOP-6UDUU1B\AppData\Local\Programs\MiKTeX\tex/latex/amsfont
s\umsb.fd
File: umsb.fd 2013/01/14 v3.01 AMS symbols B
)
LaTeX Font Info:    Trying to load font information for OT1+mathkerncmss on inp
ut line 77.

(C:\Users\84845.DESKTOP-6UDUU1B\AppData\Local\Programs\MiKTeX\tex/latex/sansmat
haccent\ot1mathkerncmss.fd
File: ot1mathkerncmss.fd 2020/01/31 Fontinst v1.933 font definitions for OT1/ma
thkerncmss.
) [3

]
<images/shadow_comparison_result.jpg, id=165, 1505.625pt x 312.16624pt>
File: images/shadow_comparison_result.jpg Graphic file (type jpg)
<use images/shadow_comparison_result.jpg>
Package pdftex.def Info: images/shadow_comparison_result.jpg  used on input lin
e 116.
(pdftex.def)             Requested size: 182.7808pt x 37.89655pt.

Overfull \vbox (1.63486pt too high) detected at line 116
 []

[4

 <./images/shadow_comparison_result.jpg>]

LaTeX Font Warning: Font shape `T5/cmss/m/it' in size <8> not available
(Font)              Font shape `T5/cmss/m/sl' tried instead on input line 142.

[5

]
LaTeX Font Info:    Trying to load font information for T5+cmtt on input line 1
85.

(C:\Users\84845.DESKTOP-6UDUU1B\AppData\Local\Programs\MiKTeX\tex/latex/vntex\t
5cmtt.fd
File: t5cmtt.fd 1999/05/25 v2.5h Standard LaTeX font definitions
)
<images/craft_step_2.png, id=262, 1176.395pt x 296.10625pt>
File: images/craft_step_2.png Graphic file (type png)
<use images/craft_step_2.png>
Package pdftex.def Info: images/craft_step_2.png  used on input line 185.
(pdftex.def)             Requested size: 188.01164pt x 47.32375pt.
<images/ctc_decoding_demo.png, id=264, 735.74875pt x 501.875pt>
File: images/ctc_decoding_demo.png Graphic file (type png)
<use images/ctc_decoding_demo.png>
Package pdftex.def Info: images/ctc_decoding_demo.png  used on input line 185.
(pdftex.def)             Requested size: 104.27272pt x 71.12737pt.
 [6

 <./images/craft_step_2.png> <./images/ctc_decoding_demo.png (PNG copy)>] [7

]
<images/sequence_diagram.png, id=348, 1614.03pt x 1293.83376pt>
File: images/sequence_diagram.png Graphic file (type png)
<use images/sequence_diagram.png>
Package pdftex.def Info: images/sequence_diagram.png  used on input line 233.
(pdftex.def)             Requested size: 213.79639pt x 171.3828pt.
 [8

 <./images/sequence_diagram.png>]

LaTeX Font Warning: Font shape `T5/cmss/m/it' in size <10> not available
(Font)              Font shape `T5/cmss/m/sl' tried instead on input line 273.

[9

]
\openout4 = `beamer.vrb'.

 (beamer.vrb
(C:\Users\84845.DESKTOP-6UDUU1B\AppData\Local\Programs\MiKTeX\tex/latex/listing
s\lstlang1.sty
File: lstlang1.sty 2023/02/27 1.9 listings language file
)) [10

]
Overfull \vbox (4.50366pt too high) detected at line 355
 []

[11

]
<images/log_dual_mode.png, id=538, 825.83531pt x 590.95781pt>
File: images/log_dual_mode.png Graphic file (type png)
<use images/log_dual_mode.png>
Package pdftex.def Info: images/log_dual_mode.png  used on input line 373.
(pdftex.def)             Requested size: 256.62376pt x 183.63687pt.
 [12

 <./images/log_dual_mode.png>] [13

]
<images/scoring_result.png, id=635, 1003.75pt x 1405.25pt>
File: images/scoring_result.png Graphic file (type png)
<use images/scoring_result.png>
Package pdftex.def Info: images/scoring_result.png  used on input line 440.
(pdftex.def)             Requested size: 122.42056pt x 171.38878pt.
 [14

 <./images/scoring_result.png (PNG copy)>] [15

] [16

]
\tf@nav=\write6
\openout6 = `beamer.nav'.

\tf@toc=\write7
\openout7 = `beamer.toc'.

\tf@snm=\write8
\openout8 = `beamer.snm'.

 (beamer.aux)
 ***********
LaTeX2e <2023-11-01> patch level 1
L3 programming layer <2024-01-04>
 ***********
Package rerunfilecheck Info: File `beamer.out' has not changed.
(rerunfilecheck)             Checksum: D41D8CD98F00B204E9800998ECF8427E;0.
 ) 
Here is how much of TeX's memory you used:
 25541 strings out of 474485
 497685 string characters out of 5736182
 1970542 words of memory out of 5000000
 47268 multiletter control sequences out of 15000+600000
 584214 words of font info for 91 fonts, out of 8000000 for 9000
 1141 hyphenation exceptions out of 8191
 128i,15n,123p,495b,1882s stack positions out of 10000i,1000n,20000p,200000b,200000s
<C:/Users/84845.DESKTOP-6UDUU1B/AppData/Local/Programs/MiKTeX/fonts/type1/pub
lic/amsfonts/cm/cmmi10.pfb><C:/Users/84845.DESKTOP-6UDUU1B/AppData/Local/Progra
ms/MiKTeX/fonts/type1/public/amsfonts/cm/cmmi8.pfb><C:/Users/84845.DESKTOP-6UDU
U1B/AppData/Local/Programs/MiKTeX/fonts/type1/public/amsfonts/cm/cmmi9.pfb><C:/
Users/84845.DESKTOP-6UDUU1B/AppData/Local/Programs/MiKTeX/fonts/type1/public/am
sfonts/cm/cmss10.pfb><C:/Users/84845.DESKTOP-6UDUU1B/AppData/Local/Programs/MiK
TeX/fonts/type1/public/amsfonts/cm/cmss8.pfb><C:/Users/84845.DESKTOP-6UDUU1B/Ap
pData/Local/Programs/MiKTeX/fonts/type1/public/amsfonts/cm/cmss9.pfb><C:/Users/
84845.DESKTOP-6UDUU1B/AppData/Local/Programs/MiKTeX/fonts/type1/public/amsfonts
/cm/cmssi8.pfb><C:/Users/84845.DESKTOP-6UDUU1B/AppData/Local/Programs/MiKTeX/fo
nts/type1/public/amsfonts/cm/cmssi9.pfb><C:/Users/84845.DESKTOP-6UDUU1B/AppData
/Local/Programs/MiKTeX/fonts/type1/public/amsfonts/cm/cmsy10.pfb><C:/Users/8484
5.DESKTOP-6UDUU1B/AppData/Local/Programs/MiKTeX/fonts/type1/public/amsfonts/cm/
cmsy8.pfb><C:/Users/84845.DESKTOP-6UDUU1B/AppData/Local/Programs/MiKTeX/fonts/t
ype1/public/amsfonts/cm/cmsy9.pfb><C:/Users/84845.DESKTOP-6UDUU1B/AppData/Local
/Programs/MiKTeX/fonts/type1/vntex/vnr/vnitt10.pfb><C:/Users/84845.DESKTOP-6UDU
U1B/AppData/Local/Programs/MiKTeX/fonts/type1/vntex/vnr/vnss10.pfb><C:/Users/84
845.DESKTOP-6UDUU1B/AppData/Local/Programs/MiKTeX/fonts/type1/vntex/vnr/vnss12.
pfb><C:/Users/84845.DESKTOP-6UDUU1B/AppData/Local/Programs/MiKTeX/fonts/type1/v
ntex/vnr/vnss8.pfb><C:/Users/84845.DESKTOP-6UDUU1B/AppData/Local/Programs/MiKTe
X/fonts/type1/vntex/vnr/vnss9.pfb><C:/Users/84845.DESKTOP-6UDUU1B/AppData/Local
/Programs/MiKTeX/fonts/type1/vntex/vnr/vnssbx10.pfb><C:/Users/84845.DESKTOP-6UD
UU1B/AppData/Local/Programs/MiKTeX/fonts/type1/vntex/vnr/vnssi10.pfb><C:/Users/
84845.DESKTOP-6UDUU1B/AppData/Local/Programs/MiKTeX/fonts/type1/vntex/vnr/vnssi
8.pfb><C:/Users/84845.DESKTOP-6UDUU1B/AppData/Local/Programs/MiKTeX/fonts/type1
/vntex/vnr/vnssi9.pfb><C:/Users/84845.DESKTOP-6UDUU1B/AppData/Local/Programs/Mi
KTeX/fonts/type1/vntex/vnr/vntt10.pfb><C:/Users/84845.DESKTOP-6UDUU1B/AppData/L
ocal/Programs/MiKTeX/fonts/type1/vntex/vnr/vntt8.pfb><C:/Users/84845.DESKTOP-6U
DUU1B/AppData/Local/Programs/MiKTeX/fonts/type1/vntex/vnr/vntt9.pfb>
Output written on beamer.pdf (16 pages, 3195104 bytes).
PDF statistics:
 840 PDF objects out of 1000 (max. 8388607)
 33 named destinations out of 1000 (max. 500000)
 841 words of extra memory for PDF output out of 10000 (max. 10000000)

